   Qt/MSBuild: 3.3.1.1
   Qt: 5.14.2
  LifeTrack.cpp
  main.cpp
  dataCenter.cpp
  analysisPanel.cpp
  activeTaskPage.cpp
  mainPanel.cpp
  unActiveTaskPage.cpp
  systemPanel.cpp
  baseTable.cpp
  addTaskDialog.cpp
H:\GitHubStorage\LifeTrack\LifeTrack\LifeTrack\management\structCommon.h(37,2): warning C4091: “typedef ”: 没有声明变量时忽略“SBelongTypeDictionary”的左侧 (编译源文件 management\dataCenter.cpp)
H:\GitHubStorage\LifeTrack\LifeTrack\LifeTrack\management\structCommon.h(84,2): warning C4091: “typedef ”: 没有声明变量时忽略“SRewardsTypeDictionary”的左侧 (编译源文件 management\dataCenter.cpp)
H:\GitHubStorage\LifeTrack\LifeTrack\LifeTrack\management\structCommon.h(106,2): warning C4091: “typedef ”: 没有声明变量时忽略“SRepeatTypeDictionary”的左侧 (编译源文件 management\dataCenter.cpp)
H:\GitHubStorage\LifeTrack\LifeTrack\LifeTrack\management\structCommon.h(136,2): warning C4091: “typedef ”: 没有声明变量时忽略“SStatusTypeDictionary”的左侧 (编译源文件 management\dataCenter.cpp)
H:\GitHubStorage\LifeTrack\LifeTrack\LifeTrack\management\structCommon.h(163,2): warning C4091: “typedef ”: 没有声明变量时忽略“SDailySummary”的左侧 (编译源文件 management\dataCenter.cpp)
H:\GitHubStorage\LifeTrack\LifeTrack\LifeTrack\management\structCommon.h(200,2): warning C4091: “typedef ”: 没有声明变量时忽略“SRewards”的左侧 (编译源文件 management\dataCenter.cpp)
H:\GitHubStorage\LifeTrack\LifeTrack\LifeTrack\management\structCommon.h(333,2): warning C4091: “typedef ”: 没有声明变量时忽略“STaskList”的左侧 (编译源文件 management\dataCenter.cpp)
H:\GitHubStorage\LifeTrack\LifeTrack\LifeTrack\management\structCommon.h(352,2): warning C4091: “typedef ”: 没有声明变量时忽略“SIncentiveContent”的左侧 (编译源文件 management\dataCenter.cpp)
H:\GitHubStorage\LifeTrack\LifeTrack\LifeTrack\management\structCommon.h(37,2): warning C4091: “typedef ”: 没有声明变量时忽略“SBelongTypeDictionary”的左侧 (编译源文件 panel\mainPanel\mainPanel.cpp)
H:\GitHubStorage\LifeTrack\LifeTrack\LifeTrack\management\structCommon.h(84,2): warning C4091: “typedef ”: 没有声明变量时忽略“SRewardsTypeDictionary”的左侧 (编译源文件 panel\mainPanel\mainPanel.cpp)
H:\GitHubStorage\LifeTrack\LifeTrack\LifeTrack\management\structCommon.h(106,2): warning C4091: “typedef ”: 没有声明变量时忽略“SRepeatTypeDictionary”的左侧 (编译源文件 panel\mainPanel\mainPanel.cpp)
H:\GitHubStorage\LifeTrack\LifeTrack\LifeTrack\management\structCommon.h(136,2): warning C4091: “typedef ”: 没有声明变量时忽略“SStatusTypeDictionary”的左侧 (编译源文件 panel\mainPanel\mainPanel.cpp)
H:\GitHubStorage\LifeTrack\LifeTrack\LifeTrack\management\structCommon.h(163,2): warning C4091: “typedef ”: 没有声明变量时忽略“SDailySummary”的左侧 (编译源文件 panel\mainPanel\mainPanel.cpp)
H:\GitHubStorage\LifeTrack\LifeTrack\LifeTrack\management\structCommon.h(200,2): warning C4091: “typedef ”: 没有声明变量时忽略“SRewards”的左侧 (编译源文件 panel\mainPanel\mainPanel.cpp)
H:\GitHubStorage\LifeTrack\LifeTrack\LifeTrack\management\structCommon.h(333,2): warning C4091: “typedef ”: 没有声明变量时忽略“STaskList”的左侧 (编译源文件 panel\mainPanel\mainPanel.cpp)
H:\GitHubStorage\LifeTrack\LifeTrack\LifeTrack\management\structCommon.h(352,2): warning C4091: “typedef ”: 没有声明变量时忽略“SIncentiveContent”的左侧 (编译源文件 panel\mainPanel\mainPanel.cpp)
H:\GitHubStorage\LifeTrack\LifeTrack\LifeTrack\management\structCommon.h(37,2): warning C4091: “typedef ”: 没有声明变量时忽略“SBelongTypeDictionary”的左侧 (编译源文件 panel\analysePanel\analysisPanel.cpp)
H:\GitHubStorage\LifeTrack\LifeTrack\LifeTrack\management\structCommon.h(84,2): warning C4091: “typedef ”: 没有声明变量时忽略“SRewardsTypeDictionary”的左侧 (编译源文件 panel\analysePanel\analysisPanel.cpp)
H:\GitHubStorage\LifeTrack\LifeTrack\LifeTrack\management\structCommon.h(106,2): warning C4091: “typedef ”: 没有声明变量时忽略“SRepeatTypeDictionary”的左侧 (编译源文件 panel\analysePanel\analysisPanel.cpp)
H:\GitHubStorage\LifeTrack\LifeTrack\LifeTrack\management\structCommon.h(136,2): warning C4091: “typedef ”: 没有声明变量时忽略“SStatusTypeDictionary”的左侧 (编译源文件 panel\analysePanel\analysisPanel.cpp)
H:\GitHubStorage\LifeTrack\LifeTrack\LifeTrack\management\structCommon.h(163,2): warning C4091: “typedef ”: 没有声明变量时忽略“SDailySummary”的左侧 (编译源文件 panel\analysePanel\analysisPanel.cpp)
H:\GitHubStorage\LifeTrack\LifeTrack\LifeTrack\management\structCommon.h(37,2): warning C4091: “typedef ”: 没有声明变量时忽略“SBelongTypeDictionary”的左侧 (编译源文件 LifeTrack.cpp)
H:\GitHubStorage\LifeTrack\LifeTrack\LifeTrack\management\structCommon.h(200,2): warning C4091: “typedef ”: 没有声明变量时忽略“SRewards”的左侧 (编译源文件 panel\analysePanel\analysisPanel.cpp)
H:\GitHubStorage\LifeTrack\LifeTrack\LifeTrack\management\structCommon.h(84,2): warning C4091: “typedef ”: 没有声明变量时忽略“SRewardsTypeDictionary”的左侧 (编译源文件 LifeTrack.cpp)
H:\GitHubStorage\LifeTrack\LifeTrack\LifeTrack\management\structCommon.h(333,2): warning C4091: “typedef ”: 没有声明变量时忽略“STaskList”的左侧 (编译源文件 panel\analysePanel\analysisPanel.cpp)
H:\GitHubStorage\LifeTrack\LifeTrack\LifeTrack\management\structCommon.h(106,2): warning C4091: “typedef ”: 没有声明变量时忽略“SRepeatTypeDictionary”的左侧 (编译源文件 LifeTrack.cpp)
H:\GitHubStorage\LifeTrack\LifeTrack\LifeTrack\management\structCommon.h(37,2): warning C4091: “typedef ”: 没有声明变量时忽略“SBelongTypeDictionary”的左侧 (编译源文件 panel\table\baseTable.cpp)
H:\GitHubStorage\LifeTrack\LifeTrack\LifeTrack\management\structCommon.h(136,2): warning C4091: “typedef ”: 没有声明变量时忽略“SStatusTypeDictionary”的左侧 (编译源文件 LifeTrack.cpp)
H:\GitHubStorage\LifeTrack\LifeTrack\LifeTrack\management\structCommon.h(163,2): warning C4091: “typedef ”: 没有声明变量时忽略“SDailySummary”的左侧 (编译源文件 LifeTrack.cpp)
H:\GitHubStorage\LifeTrack\LifeTrack\LifeTrack\management\structCommon.h(84,2): warning C4091: “typedef ”: 没有声明变量时忽略“SRewardsTypeDictionary”的左侧 (编译源文件 panel\table\baseTable.cpp)
H:\GitHubStorage\LifeTrack\LifeTrack\LifeTrack\management\structCommon.h(200,2): warning C4091: “typedef ”: 没有声明变量时忽略“SRewards”的左侧 (编译源文件 LifeTrack.cpp)
H:\GitHubStorage\LifeTrack\LifeTrack\LifeTrack\management\structCommon.h(106,2): warning C4091: “typedef ”: 没有声明变量时忽略“SRepeatTypeDictionary”的左侧 (编译源文件 panel\table\baseTable.cpp)
H:\GitHubStorage\LifeTrack\LifeTrack\LifeTrack\management\structCommon.h(352,2): warning C4091: “typedef ”: 没有声明变量时忽略“SIncentiveContent”的左侧 (编译源文件 panel\analysePanel\analysisPanel.cpp)
H:\GitHubStorage\LifeTrack\LifeTrack\LifeTrack\management\structCommon.h(136,2): warning C4091: “typedef ”: 没有声明变量时忽略“SStatusTypeDictionary”的左侧 (编译源文件 panel\table\baseTable.cpp)
H:\GitHubStorage\LifeTrack\LifeTrack\LifeTrack\management\structCommon.h(333,2): warning C4091: “typedef ”: 没有声明变量时忽略“STaskList”的左侧 (编译源文件 LifeTrack.cpp)
H:\GitHubStorage\LifeTrack\LifeTrack\LifeTrack\management\structCommon.h(163,2): warning C4091: “typedef ”: 没有声明变量时忽略“SDailySummary”的左侧 (编译源文件 panel\table\baseTable.cpp)
H:\GitHubStorage\LifeTrack\LifeTrack\LifeTrack\management\structCommon.h(200,2): warning C4091: “typedef ”: 没有声明变量时忽略“SRewards”的左侧 (编译源文件 panel\table\baseTable.cpp)
H:\GitHubStorage\LifeTrack\LifeTrack\LifeTrack\management\structCommon.h(37,2): warning C4091: “typedef ”: 没有声明变量时忽略“SBelongTypeDictionary”的左侧 (编译源文件 panel\mainPanel\activeTaskPage.cpp)
H:\GitHubStorage\LifeTrack\LifeTrack\LifeTrack\management\structCommon.h(352,2): warning C4091: “typedef ”: 没有声明变量时忽略“SIncentiveContent”的左侧 (编译源文件 LifeTrack.cpp)
H:\GitHubStorage\LifeTrack\LifeTrack\LifeTrack\management\structCommon.h(84,2): warning C4091: “typedef ”: 没有声明变量时忽略“SRewardsTypeDictionary”的左侧 (编译源文件 panel\mainPanel\activeTaskPage.cpp)
H:\GitHubStorage\LifeTrack\LifeTrack\LifeTrack\management\structCommon.h(333,2): warning C4091: “typedef ”: 没有声明变量时忽略“STaskList”的左侧 (编译源文件 panel\table\baseTable.cpp)
H:\GitHubStorage\LifeTrack\LifeTrack\LifeTrack\management\structCommon.h(106,2): warning C4091: “typedef ”: 没有声明变量时忽略“SRepeatTypeDictionary”的左侧 (编译源文件 panel\mainPanel\activeTaskPage.cpp)
H:\GitHubStorage\LifeTrack\LifeTrack\LifeTrack\management\structCommon.h(136,2): warning C4091: “typedef ”: 没有声明变量时忽略“SStatusTypeDictionary”的左侧 (编译源文件 panel\mainPanel\activeTaskPage.cpp)
H:\GitHubStorage\LifeTrack\LifeTrack\LifeTrack\management\structCommon.h(163,2): warning C4091: “typedef ”: 没有声明变量时忽略“SDailySummary”的左侧 (编译源文件 panel\mainPanel\activeTaskPage.cpp)
H:\GitHubStorage\LifeTrack\LifeTrack\LifeTrack\management\structCommon.h(352,2): warning C4091: “typedef ”: 没有声明变量时忽略“SIncentiveContent”的左侧 (编译源文件 panel\table\baseTable.cpp)
H:\GitHubStorage\LifeTrack\LifeTrack\LifeTrack\management\structCommon.h(200,2): warning C4091: “typedef ”: 没有声明变量时忽略“SRewards”的左侧 (编译源文件 panel\mainPanel\activeTaskPage.cpp)
H:\GitHubStorage\LifeTrack\LifeTrack\LifeTrack\management\structCommon.h(333,2): warning C4091: “typedef ”: 没有声明变量时忽略“STaskList”的左侧 (编译源文件 panel\mainPanel\activeTaskPage.cpp)
H:\GitHubStorage\LifeTrack\LifeTrack\LifeTrack\management\structCommon.h(352,2): warning C4091: “typedef ”: 没有声明变量时忽略“SIncentiveContent”的左侧 (编译源文件 panel\mainPanel\activeTaskPage.cpp)
H:\GitHubStorage\LifeTrack\LifeTrack\LifeTrack\management\structCommon.h(37,2): warning C4091: “typedef ”: 没有声明变量时忽略“SBelongTypeDictionary”的左侧 (编译源文件 panel\mainPanel\unActiveTaskPage.cpp)
H:\GitHubStorage\LifeTrack\LifeTrack\LifeTrack\management\structCommon.h(84,2): warning C4091: “typedef ”: 没有声明变量时忽略“SRewardsTypeDictionary”的左侧 (编译源文件 panel\mainPanel\unActiveTaskPage.cpp)
H:\GitHubStorage\LifeTrack\LifeTrack\LifeTrack\management\structCommon.h(106,2): warning C4091: “typedef ”: 没有声明变量时忽略“SRepeatTypeDictionary”的左侧 (编译源文件 panel\mainPanel\unActiveTaskPage.cpp)
H:\GitHubStorage\LifeTrack\LifeTrack\LifeTrack\management\structCommon.h(136,2): warning C4091: “typedef ”: 没有声明变量时忽略“SStatusTypeDictionary”的左侧 (编译源文件 panel\mainPanel\unActiveTaskPage.cpp)
H:\GitHubStorage\LifeTrack\LifeTrack\LifeTrack\management\structCommon.h(163,2): warning C4091: “typedef ”: 没有声明变量时忽略“SDailySummary”的左侧 (编译源文件 panel\mainPanel\unActiveTaskPage.cpp)
H:\GitHubStorage\LifeTrack\LifeTrack\LifeTrack\management\structCommon.h(200,2): warning C4091: “typedef ”: 没有声明变量时忽略“SRewards”的左侧 (编译源文件 panel\mainPanel\unActiveTaskPage.cpp)
H:\GitHubStorage\LifeTrack\LifeTrack\LifeTrack\management\structCommon.h(333,2): warning C4091: “typedef ”: 没有声明变量时忽略“STaskList”的左侧 (编译源文件 panel\mainPanel\unActiveTaskPage.cpp)
H:\GitHubStorage\LifeTrack\LifeTrack\LifeTrack\management\structCommon.h(352,2): warning C4091: “typedef ”: 没有声明变量时忽略“SIncentiveContent”的左侧 (编译源文件 panel\mainPanel\unActiveTaskPage.cpp)
H:\GitHubStorage\LifeTrack\LifeTrack\LifeTrack\management\structCommon.h(37,2): warning C4091: “typedef ”: 没有声明变量时忽略“SBelongTypeDictionary”的左侧 (编译源文件 main.cpp)
H:\GitHubStorage\LifeTrack\LifeTrack\LifeTrack\management\structCommon.h(84,2): warning C4091: “typedef ”: 没有声明变量时忽略“SRewardsTypeDictionary”的左侧 (编译源文件 main.cpp)
H:\GitHubStorage\LifeTrack\LifeTrack\LifeTrack\management\structCommon.h(106,2): warning C4091: “typedef ”: 没有声明变量时忽略“SRepeatTypeDictionary”的左侧 (编译源文件 main.cpp)
H:\GitHubStorage\LifeTrack\LifeTrack\LifeTrack\management\structCommon.h(136,2): warning C4091: “typedef ”: 没有声明变量时忽略“SStatusTypeDictionary”的左侧 (编译源文件 main.cpp)
H:\GitHubStorage\LifeTrack\LifeTrack\LifeTrack\management\structCommon.h(163,2): warning C4091: “typedef ”: 没有声明变量时忽略“SDailySummary”的左侧 (编译源文件 main.cpp)
H:\GitHubStorage\LifeTrack\LifeTrack\LifeTrack\management\structCommon.h(200,2): warning C4091: “typedef ”: 没有声明变量时忽略“SRewards”的左侧 (编译源文件 main.cpp)
H:\GitHubStorage\LifeTrack\LifeTrack\LifeTrack\management\structCommon.h(333,2): warning C4091: “typedef ”: 没有声明变量时忽略“STaskList”的左侧 (编译源文件 main.cpp)
H:\GitHubStorage\LifeTrack\LifeTrack\LifeTrack\management\structCommon.h(352,2): warning C4091: “typedef ”: 没有声明变量时忽略“SIncentiveContent”的左侧 (编译源文件 main.cpp)
H:\GitHubStorage\LifeTrack\LifeTrack\LifeTrack\management\structCommon.h(37,2): warning C4091: “typedef ”: 没有声明变量时忽略“SBelongTypeDictionary”的左侧 (编译源文件 panel\systemSettingPanel\systemPanel.cpp)
H:\GitHubStorage\LifeTrack\LifeTrack\LifeTrack\management\structCommon.h(84,2): warning C4091: “typedef ”: 没有声明变量时忽略“SRewardsTypeDictionary”的左侧 (编译源文件 panel\systemSettingPanel\systemPanel.cpp)
H:\GitHubStorage\LifeTrack\LifeTrack\LifeTrack\management\structCommon.h(106,2): warning C4091: “typedef ”: 没有声明变量时忽略“SRepeatTypeDictionary”的左侧 (编译源文件 panel\systemSettingPanel\systemPanel.cpp)
H:\GitHubStorage\LifeTrack\LifeTrack\LifeTrack\management\structCommon.h(136,2): warning C4091: “typedef ”: 没有声明变量时忽略“SStatusTypeDictionary”的左侧 (编译源文件 panel\systemSettingPanel\systemPanel.cpp)
H:\GitHubStorage\LifeTrack\LifeTrack\LifeTrack\management\structCommon.h(163,2): warning C4091: “typedef ”: 没有声明变量时忽略“SDailySummary”的左侧 (编译源文件 panel\systemSettingPanel\systemPanel.cpp)
H:\GitHubStorage\LifeTrack\LifeTrack\LifeTrack\management\structCommon.h(200,2): warning C4091: “typedef ”: 没有声明变量时忽略“SRewards”的左侧 (编译源文件 panel\systemSettingPanel\systemPanel.cpp)
H:\GitHubStorage\LifeTrack\LifeTrack\LifeTrack\management\structCommon.h(333,2): warning C4091: “typedef ”: 没有声明变量时忽略“STaskList”的左侧 (编译源文件 panel\systemSettingPanel\systemPanel.cpp)
H:\GitHubStorage\LifeTrack\LifeTrack\LifeTrack\management\structCommon.h(352,2): warning C4091: “typedef ”: 没有声明变量时忽略“SIncentiveContent”的左侧 (编译源文件 panel\systemSettingPanel\systemPanel.cpp)
H:\GitHubStorage\LifeTrack\LifeTrack\LifeTrack\management\structCommon.h(37,2): warning C4091: “typedef ”: 没有声明变量时忽略“SBelongTypeDictionary”的左侧 (编译源文件 panel\taskDialog\addTaskDialog.cpp)
H:\GitHubStorage\LifeTrack\LifeTrack\LifeTrack\management\structCommon.h(84,2): warning C4091: “typedef ”: 没有声明变量时忽略“SRewardsTypeDictionary”的左侧 (编译源文件 panel\taskDialog\addTaskDialog.cpp)
H:\GitHubStorage\LifeTrack\LifeTrack\LifeTrack\management\structCommon.h(106,2): warning C4091: “typedef ”: 没有声明变量时忽略“SRepeatTypeDictionary”的左侧 (编译源文件 panel\taskDialog\addTaskDialog.cpp)
H:\GitHubStorage\LifeTrack\LifeTrack\LifeTrack\management\structCommon.h(136,2): warning C4091: “typedef ”: 没有声明变量时忽略“SStatusTypeDictionary”的左侧 (编译源文件 panel\taskDialog\addTaskDialog.cpp)
H:\GitHubStorage\LifeTrack\LifeTrack\LifeTrack\management\structCommon.h(163,2): warning C4091: “typedef ”: 没有声明变量时忽略“SDailySummary”的左侧 (编译源文件 panel\taskDialog\addTaskDialog.cpp)
H:\GitHubStorage\LifeTrack\LifeTrack\LifeTrack\management\structCommon.h(200,2): warning C4091: “typedef ”: 没有声明变量时忽略“SRewards”的左侧 (编译源文件 panel\taskDialog\addTaskDialog.cpp)
H:\GitHubStorage\LifeTrack\LifeTrack\LifeTrack\management\structCommon.h(333,2): warning C4091: “typedef ”: 没有声明变量时忽略“STaskList”的左侧 (编译源文件 panel\taskDialog\addTaskDialog.cpp)
H:\GitHubStorage\LifeTrack\LifeTrack\LifeTrack\management\structCommon.h(352,2): warning C4091: “typedef ”: 没有声明变量时忽略“SIncentiveContent”的左侧 (编译源文件 panel\taskDialog\addTaskDialog.cpp)
H:\GitHubStorage\LifeTrack\LifeTrack\LifeTrack\panel\mainPanel\activeTaskPage.cpp(138,17): warning C4834: 放弃具有 "nodiscard" 属性的函数的返回值
H:\GitHubStorage\LifeTrack\LifeTrack\LifeTrack\panel\mainPanel\activeTaskPage.cpp(143,17): warning C4834: 放弃具有 "nodiscard" 属性的函数的返回值
H:\GitHubStorage\LifeTrack\LifeTrack\LifeTrack\panel\mainPanel\unActiveTaskPage.cpp(136,17): warning C4834: 放弃具有 "nodiscard" 属性的函数的返回值
H:\GitHubStorage\LifeTrack\LifeTrack\LifeTrack\panel\mainPanel\unActiveTaskPage.cpp(141,17): warning C4834: 放弃具有 "nodiscard" 属性的函数的返回值
H:\GitHubStorage\LifeTrack\LifeTrack\LifeTrack\main.cpp(41,37): warning C4101: “ex”: 未引用的局部变量
  moc_LifeTrack.cpp
  moc_activeTaskPage.cpp
  moc_addTaskDialog.cpp
  moc_analysisPanel.cpp
  moc_mainPanel.cpp
  moc_systemPanel.cpp
  moc_unActiveTaskPage.cpp
H:\GitHubStorage\LifeTrack\LifeTrack\LifeTrack\management\structCommon.h(37,2): warning C4091: “typedef ”: 没有声明变量时忽略“SBelongTypeDictionary”的左侧 (编译源文件 obj\qt\moc\moc_unActiveTaskPage.cpp)
H:\GitHubStorage\LifeTrack\LifeTrack\LifeTrack\management\structCommon.h(84,2): warning C4091: “typedef ”: 没有声明变量时忽略“SRewardsTypeDictionary”的左侧 (编译源文件 obj\qt\moc\moc_unActiveTaskPage.cpp)
H:\GitHubStorage\LifeTrack\LifeTrack\LifeTrack\management\structCommon.h(106,2): warning C4091: “typedef ”: 没有声明变量时忽略“SRepeatTypeDictionary”的左侧 (编译源文件 obj\qt\moc\moc_unActiveTaskPage.cpp)
H:\GitHubStorage\LifeTrack\LifeTrack\LifeTrack\management\structCommon.h(136,2): warning C4091: “typedef ”: 没有声明变量时忽略“SStatusTypeDictionary”的左侧 (编译源文件 obj\qt\moc\moc_unActiveTaskPage.cpp)
H:\GitHubStorage\LifeTrack\LifeTrack\LifeTrack\management\structCommon.h(163,2): warning C4091: “typedef ”: 没有声明变量时忽略“SDailySummary”的左侧 (编译源文件 obj\qt\moc\moc_unActiveTaskPage.cpp)
H:\GitHubStorage\LifeTrack\LifeTrack\LifeTrack\management\structCommon.h(37,2): warning C4091: “typedef ”: 没有声明变量时忽略“SBelongTypeDictionary”的左侧 (编译源文件 obj\qt\moc\moc_activeTaskPage.cpp)
H:\GitHubStorage\LifeTrack\LifeTrack\LifeTrack\management\structCommon.h(200,2): warning C4091: “typedef ”: 没有声明变量时忽略“SRewards”的左侧 (编译源文件 obj\qt\moc\moc_unActiveTaskPage.cpp)
H:\GitHubStorage\LifeTrack\LifeTrack\LifeTrack\management\structCommon.h(84,2): warning C4091: “typedef ”: 没有声明变量时忽略“SRewardsTypeDictionary”的左侧 (编译源文件 obj\qt\moc\moc_activeTaskPage.cpp)
H:\GitHubStorage\LifeTrack\LifeTrack\LifeTrack\management\structCommon.h(106,2): warning C4091: “typedef ”: 没有声明变量时忽略“SRepeatTypeDictionary”的左侧 (编译源文件 obj\qt\moc\moc_activeTaskPage.cpp)
H:\GitHubStorage\LifeTrack\LifeTrack\LifeTrack\management\structCommon.h(333,2): warning C4091: “typedef ”: 没有声明变量时忽略“STaskList”的左侧 (编译源文件 obj\qt\moc\moc_unActiveTaskPage.cpp)
H:\GitHubStorage\LifeTrack\LifeTrack\LifeTrack\management\structCommon.h(136,2): warning C4091: “typedef ”: 没有声明变量时忽略“SStatusTypeDictionary”的左侧 (编译源文件 obj\qt\moc\moc_activeTaskPage.cpp)
H:\GitHubStorage\LifeTrack\LifeTrack\LifeTrack\management\structCommon.h(163,2): warning C4091: “typedef ”: 没有声明变量时忽略“SDailySummary”的左侧 (编译源文件 obj\qt\moc\moc_activeTaskPage.cpp)
H:\GitHubStorage\LifeTrack\LifeTrack\LifeTrack\management\structCommon.h(37,2): warning C4091: “typedef ”: 没有声明变量时忽略“SBelongTypeDictionary”的左侧 (编译源文件 obj\qt\moc\moc_analysisPanel.cpp)
H:\GitHubStorage\LifeTrack\LifeTrack\LifeTrack\management\structCommon.h(200,2): warning C4091: “typedef ”: 没有声明变量时忽略“SRewards”的左侧 (编译源文件 obj\qt\moc\moc_activeTaskPage.cpp)
H:\GitHubStorage\LifeTrack\LifeTrack\LifeTrack\management\structCommon.h(352,2): warning C4091: “typedef ”: 没有声明变量时忽略“SIncentiveContent”的左侧 (编译源文件 obj\qt\moc\moc_unActiveTaskPage.cpp)
H:\GitHubStorage\LifeTrack\LifeTrack\LifeTrack\management\structCommon.h(84,2): warning C4091: “typedef ”: 没有声明变量时忽略“SRewardsTypeDictionary”的左侧 (编译源文件 obj\qt\moc\moc_analysisPanel.cpp)
H:\GitHubStorage\LifeTrack\LifeTrack\LifeTrack\management\structCommon.h(333,2): warning C4091: “typedef ”: 没有声明变量时忽略“STaskList”的左侧 (编译源文件 obj\qt\moc\moc_activeTaskPage.cpp)
H:\GitHubStorage\LifeTrack\LifeTrack\LifeTrack\management\structCommon.h(106,2): warning C4091: “typedef ”: 没有声明变量时忽略“SRepeatTypeDictionary”的左侧 (编译源文件 obj\qt\moc\moc_analysisPanel.cpp)
H:\GitHubStorage\LifeTrack\LifeTrack\LifeTrack\management\structCommon.h(136,2): warning C4091: “typedef ”: 没有声明变量时忽略“SStatusTypeDictionary”的左侧 (编译源文件 obj\qt\moc\moc_analysisPanel.cpp)
H:\GitHubStorage\LifeTrack\LifeTrack\LifeTrack\management\structCommon.h(163,2): warning C4091: “typedef ”: 没有声明变量时忽略“SDailySummary”的左侧 (编译源文件 obj\qt\moc\moc_analysisPanel.cpp)
H:\GitHubStorage\LifeTrack\LifeTrack\LifeTrack\management\structCommon.h(352,2): warning C4091: “typedef ”: 没有声明变量时忽略“SIncentiveContent”的左侧 (编译源文件 obj\qt\moc\moc_activeTaskPage.cpp)
H:\GitHubStorage\LifeTrack\LifeTrack\LifeTrack\management\structCommon.h(200,2): warning C4091: “typedef ”: 没有声明变量时忽略“SRewards”的左侧 (编译源文件 obj\qt\moc\moc_analysisPanel.cpp)
H:\GitHubStorage\LifeTrack\LifeTrack\LifeTrack\management\structCommon.h(333,2): warning C4091: “typedef ”: 没有声明变量时忽略“STaskList”的左侧 (编译源文件 obj\qt\moc\moc_analysisPanel.cpp)
H:\GitHubStorage\LifeTrack\LifeTrack\LifeTrack\management\structCommon.h(352,2): warning C4091: “typedef ”: 没有声明变量时忽略“SIncentiveContent”的左侧 (编译源文件 obj\qt\moc\moc_analysisPanel.cpp)
H:\GitHubStorage\LifeTrack\LifeTrack\LifeTrack\management\structCommon.h(37,2): warning C4091: “typedef ”: 没有声明变量时忽略“SBelongTypeDictionary”的左侧 (编译源文件 obj\qt\moc\moc_mainPanel.cpp)
H:\GitHubStorage\LifeTrack\LifeTrack\LifeTrack\management\structCommon.h(84,2): warning C4091: “typedef ”: 没有声明变量时忽略“SRewardsTypeDictionary”的左侧 (编译源文件 obj\qt\moc\moc_mainPanel.cpp)
H:\GitHubStorage\LifeTrack\LifeTrack\LifeTrack\management\structCommon.h(106,2): warning C4091: “typedef ”: 没有声明变量时忽略“SRepeatTypeDictionary”的左侧 (编译源文件 obj\qt\moc\moc_mainPanel.cpp)
H:\GitHubStorage\LifeTrack\LifeTrack\LifeTrack\management\structCommon.h(136,2): warning C4091: “typedef ”: 没有声明变量时忽略“SStatusTypeDictionary”的左侧 (编译源文件 obj\qt\moc\moc_mainPanel.cpp)
H:\GitHubStorage\LifeTrack\LifeTrack\LifeTrack\management\structCommon.h(163,2): warning C4091: “typedef ”: 没有声明变量时忽略“SDailySummary”的左侧 (编译源文件 obj\qt\moc\moc_mainPanel.cpp)
H:\GitHubStorage\LifeTrack\LifeTrack\LifeTrack\management\structCommon.h(200,2): warning C4091: “typedef ”: 没有声明变量时忽略“SRewards”的左侧 (编译源文件 obj\qt\moc\moc_mainPanel.cpp)
H:\GitHubStorage\LifeTrack\LifeTrack\LifeTrack\management\structCommon.h(333,2): warning C4091: “typedef ”: 没有声明变量时忽略“STaskList”的左侧 (编译源文件 obj\qt\moc\moc_mainPanel.cpp)
H:\GitHubStorage\LifeTrack\LifeTrack\LifeTrack\management\structCommon.h(352,2): warning C4091: “typedef ”: 没有声明变量时忽略“SIncentiveContent”的左侧 (编译源文件 obj\qt\moc\moc_mainPanel.cpp)
H:\GitHubStorage\LifeTrack\LifeTrack\LifeTrack\management\structCommon.h(37,2): warning C4091: “typedef ”: 没有声明变量时忽略“SBelongTypeDictionary”的左侧 (编译源文件 obj\qt\moc\moc_LifeTrack.cpp)
H:\GitHubStorage\LifeTrack\LifeTrack\LifeTrack\management\structCommon.h(84,2): warning C4091: “typedef ”: 没有声明变量时忽略“SRewardsTypeDictionary”的左侧 (编译源文件 obj\qt\moc\moc_LifeTrack.cpp)
H:\GitHubStorage\LifeTrack\LifeTrack\LifeTrack\management\structCommon.h(106,2): warning C4091: “typedef ”: 没有声明变量时忽略“SRepeatTypeDictionary”的左侧 (编译源文件 obj\qt\moc\moc_LifeTrack.cpp)
H:\GitHubStorage\LifeTrack\LifeTrack\LifeTrack\management\structCommon.h(136,2): warning C4091: “typedef ”: 没有声明变量时忽略“SStatusTypeDictionary”的左侧 (编译源文件 obj\qt\moc\moc_LifeTrack.cpp)
H:\GitHubStorage\LifeTrack\LifeTrack\LifeTrack\management\structCommon.h(163,2): warning C4091: “typedef ”: 没有声明变量时忽略“SDailySummary”的左侧 (编译源文件 obj\qt\moc\moc_LifeTrack.cpp)
H:\GitHubStorage\LifeTrack\LifeTrack\LifeTrack\management\structCommon.h(200,2): warning C4091: “typedef ”: 没有声明变量时忽略“SRewards”的左侧 (编译源文件 obj\qt\moc\moc_LifeTrack.cpp)
H:\GitHubStorage\LifeTrack\LifeTrack\LifeTrack\management\structCommon.h(333,2): warning C4091: “typedef ”: 没有声明变量时忽略“STaskList”的左侧 (编译源文件 obj\qt\moc\moc_LifeTrack.cpp)
H:\GitHubStorage\LifeTrack\LifeTrack\LifeTrack\management\structCommon.h(352,2): warning C4091: “typedef ”: 没有声明变量时忽略“SIncentiveContent”的左侧 (编译源文件 obj\qt\moc\moc_LifeTrack.cpp)
H:\GitHubStorage\LifeTrack\LifeTrack\LifeTrack\management\structCommon.h(37,2): warning C4091: “typedef ”: 没有声明变量时忽略“SBelongTypeDictionary”的左侧 (编译源文件 obj\qt\moc\moc_systemPanel.cpp)
H:\GitHubStorage\LifeTrack\LifeTrack\LifeTrack\management\structCommon.h(84,2): warning C4091: “typedef ”: 没有声明变量时忽略“SRewardsTypeDictionary”的左侧 (编译源文件 obj\qt\moc\moc_systemPanel.cpp)
H:\GitHubStorage\LifeTrack\LifeTrack\LifeTrack\management\structCommon.h(106,2): warning C4091: “typedef ”: 没有声明变量时忽略“SRepeatTypeDictionary”的左侧 (编译源文件 obj\qt\moc\moc_systemPanel.cpp)
H:\GitHubStorage\LifeTrack\LifeTrack\LifeTrack\management\structCommon.h(136,2): warning C4091: “typedef ”: 没有声明变量时忽略“SStatusTypeDictionary”的左侧 (编译源文件 obj\qt\moc\moc_systemPanel.cpp)
H:\GitHubStorage\LifeTrack\LifeTrack\LifeTrack\management\structCommon.h(163,2): warning C4091: “typedef ”: 没有声明变量时忽略“SDailySummary”的左侧 (编译源文件 obj\qt\moc\moc_systemPanel.cpp)
H:\GitHubStorage\LifeTrack\LifeTrack\LifeTrack\management\structCommon.h(200,2): warning C4091: “typedef ”: 没有声明变量时忽略“SRewards”的左侧 (编译源文件 obj\qt\moc\moc_systemPanel.cpp)
H:\GitHubStorage\LifeTrack\LifeTrack\LifeTrack\management\structCommon.h(333,2): warning C4091: “typedef ”: 没有声明变量时忽略“STaskList”的左侧 (编译源文件 obj\qt\moc\moc_systemPanel.cpp)
H:\GitHubStorage\LifeTrack\LifeTrack\LifeTrack\management\structCommon.h(352,2): warning C4091: “typedef ”: 没有声明变量时忽略“SIncentiveContent”的左侧 (编译源文件 obj\qt\moc\moc_systemPanel.cpp)
H:\GitHubStorage\LifeTrack\LifeTrack\LifeTrack\management\structCommon.h(37,2): warning C4091: “typedef ”: 没有声明变量时忽略“SBelongTypeDictionary”的左侧 (编译源文件 obj\qt\moc\moc_addTaskDialog.cpp)
H:\GitHubStorage\LifeTrack\LifeTrack\LifeTrack\management\structCommon.h(84,2): warning C4091: “typedef ”: 没有声明变量时忽略“SRewardsTypeDictionary”的左侧 (编译源文件 obj\qt\moc\moc_addTaskDialog.cpp)
H:\GitHubStorage\LifeTrack\LifeTrack\LifeTrack\management\structCommon.h(106,2): warning C4091: “typedef ”: 没有声明变量时忽略“SRepeatTypeDictionary”的左侧 (编译源文件 obj\qt\moc\moc_addTaskDialog.cpp)
H:\GitHubStorage\LifeTrack\LifeTrack\LifeTrack\management\structCommon.h(136,2): warning C4091: “typedef ”: 没有声明变量时忽略“SStatusTypeDictionary”的左侧 (编译源文件 obj\qt\moc\moc_addTaskDialog.cpp)
H:\GitHubStorage\LifeTrack\LifeTrack\LifeTrack\management\structCommon.h(163,2): warning C4091: “typedef ”: 没有声明变量时忽略“SDailySummary”的左侧 (编译源文件 obj\qt\moc\moc_addTaskDialog.cpp)
H:\GitHubStorage\LifeTrack\LifeTrack\LifeTrack\management\structCommon.h(200,2): warning C4091: “typedef ”: 没有声明变量时忽略“SRewards”的左侧 (编译源文件 obj\qt\moc\moc_addTaskDialog.cpp)
H:\GitHubStorage\LifeTrack\LifeTrack\LifeTrack\management\structCommon.h(333,2): warning C4091: “typedef ”: 没有声明变量时忽略“STaskList”的左侧 (编译源文件 obj\qt\moc\moc_addTaskDialog.cpp)
H:\GitHubStorage\LifeTrack\LifeTrack\LifeTrack\management\structCommon.h(352,2): warning C4091: “typedef ”: 没有声明变量时忽略“SIncentiveContent”的左侧 (编译源文件 obj\qt\moc\moc_addTaskDialog.cpp)
  LifeTrack.vcxproj -> H:\GitHubStorage\LifeTrack\LifeTrack\x64\Debug\LifeTrack.exe
