h:\githubstorage\lifetrack\lifetrack\lifetrack\obj\vc143.pdb
h:\githubstorage\lifetrack\lifetrack\lifetrack\obj\vc143.idb
h:\githubstorage\lifetrack\lifetrack\lifetrack\obj\qrc_lifetrack.obj
h:\githubstorage\lifetrack\lifetrack\lifetrack\obj\mainpanel.obj
h:\githubstorage\lifetrack\lifetrack\lifetrack\obj\commonfunc.obj
h:\githubstorage\lifetrack\lifetrack\lifetrack\obj\main.obj
h:\githubstorage\lifetrack\lifetrack\lifetrack\obj\language.obj
h:\githubstorage\lifetrack\lifetrack\lifetrack\obj\addtaskdialog.obj
h:\githubstorage\lifetrack\lifetrack\lifetrack\obj\customwidget.obj
h:\githubstorage\lifetrack\lifetrack\lifetrack\obj\dbmana.obj
h:\githubstorage\lifetrack\lifetrack\lifetrack\obj\global.obj
h:\githubstorage\lifetrack\lifetrack\lifetrack\obj\lifetrack.obj
h:\githubstorage\lifetrack\lifetrack\lifetrack\obj\analysispanel.obj
h:\githubstorage\lifetrack\lifetrack\lifetrack\obj\systempanel.obj
h:\githubstorage\lifetrack\lifetrack\lifetrack\obj\unactivetaskpage.obj
h:\githubstorage\lifetrack\lifetrack\lifetrack\obj\datacenter.obj
h:\githubstorage\lifetrack\lifetrack\lifetrack\obj\activetaskpage.obj
h:\githubstorage\lifetrack\lifetrack\lifetrack\obj\messagebox.obj
h:\githubstorage\lifetrack\lifetrack\lifetrack\obj\inputreason.obj
h:\githubstorage\lifetrack\lifetrack\lifetrack\obj\custommessage.obj
h:\githubstorage\lifetrack\lifetrack\lifetrack\obj\basetable.obj
h:\githubstorage\lifetrack\lifetrack\lifetrack\obj\moc_unactivetaskpage.obj
h:\githubstorage\lifetrack\lifetrack\lifetrack\obj\moc_systempanel.obj
h:\githubstorage\lifetrack\lifetrack\lifetrack\obj\moc_addtaskdialog.obj
h:\githubstorage\lifetrack\lifetrack\lifetrack\obj\moc_inputreason.obj
h:\githubstorage\lifetrack\lifetrack\lifetrack\obj\moc_analysispanel.obj
h:\githubstorage\lifetrack\lifetrack\lifetrack\obj\moc_activetaskpage.obj
h:\githubstorage\lifetrack\lifetrack\lifetrack\obj\moc_messagebox.obj
h:\githubstorage\lifetrack\lifetrack\lifetrack\obj\moc_lifetrack.obj
h:\githubstorage\lifetrack\lifetrack\lifetrack\obj\moc_mainpanel.obj
h:\githubstorage\lifetrack\lifetrack\lifetrack\obj\moc_basetable.obj
h:\githubstorage\lifetrack\lifetrack\lifetrack\obj\moc_dbmana.obj
h:\githubstorage\lifetrack\lifetrack\lifetrack\obj\qt\uic\ui_lifetrack.h
h:\githubstorage\lifetrack\lifetrack\lifetrack\obj\qt\rcc\qrc_lifetrack.cpp
h:\githubstorage\lifetrack\lifetrack\lifetrack\obj\qt\moc\moc_lifetrack.cpp
h:\githubstorage\lifetrack\lifetrack\lifetrack\obj\qt\moc\moc_analysispanel.cpp
h:\githubstorage\lifetrack\lifetrack\lifetrack\obj\qt\moc\moc_activetaskpage.cpp
h:\githubstorage\lifetrack\lifetrack\lifetrack\obj\qt\moc\moc_mainpanel.cpp
h:\githubstorage\lifetrack\lifetrack\lifetrack\obj\qt\moc\moc_unactivetaskpage.cpp
h:\githubstorage\lifetrack\lifetrack\lifetrack\obj\qt\moc\moc_systempanel.cpp
h:\githubstorage\lifetrack\lifetrack\lifetrack\obj\qt\moc\moc_basetable.cpp
h:\githubstorage\lifetrack\lifetrack\lifetrack\obj\qt\moc\moc_addtaskdialog.cpp
h:\githubstorage\lifetrack\lifetrack\lifetrack\obj\qt\moc\moc_messagebox.cpp
h:\githubstorage\lifetrack\lifetrack\lifetrack\obj\qt\moc\moc_inputreason.cpp
h:\githubstorage\lifetrack\lifetrack\lifetrack\obj\qt\moc\moc_dbmana.cpp
h:\githubstorage\lifetrack\lifetrack\x64\debug\lifetrack.exe
h:\githubstorage\lifetrack\lifetrack\lifetrack\obj\lifetrack.ilk
h:\githubstorage\lifetrack\lifetrack\x64\debug\lifetrack.pdb
h:\githubstorage\lifetrack\lifetrack\lifetrack\obj\lifetrack.tlog\cl.command.1.tlog
h:\githubstorage\lifetrack\lifetrack\lifetrack\obj\lifetrack.tlog\cl.items.tlog
h:\githubstorage\lifetrack\lifetrack\lifetrack\obj\lifetrack.tlog\cl.read.1.tlog
h:\githubstorage\lifetrack\lifetrack\lifetrack\obj\lifetrack.tlog\cl.write.1.tlog
h:\githubstorage\lifetrack\lifetrack\lifetrack\obj\lifetrack.tlog\lifetrack.write.1u.tlog
h:\githubstorage\lifetrack\lifetrack\lifetrack\obj\lifetrack.tlog\link.command.1.tlog
h:\githubstorage\lifetrack\lifetrack\lifetrack\obj\lifetrack.tlog\link.read.1.tlog
h:\githubstorage\lifetrack\lifetrack\lifetrack\obj\lifetrack.tlog\link.write.1.tlog
h:\githubstorage\lifetrack\lifetrack\lifetrack\obj\lifetrack.tlog\moc.read.1u.tlog
h:\githubstorage\lifetrack\lifetrack\lifetrack\obj\lifetrack.tlog\moc.write.1u.tlog
h:\githubstorage\lifetrack\lifetrack\lifetrack\obj\lifetrack.tlog\rcc.read.1u.tlog
h:\githubstorage\lifetrack\lifetrack\lifetrack\obj\lifetrack.tlog\rcc.write.1u.tlog
h:\githubstorage\lifetrack\lifetrack\lifetrack\obj\lifetrack.tlog\uic.read.1u.tlog
h:\githubstorage\lifetrack\lifetrack\lifetrack\obj\lifetrack.tlog\uic.write.1u.tlog
